---
source: crates/ccusage/tests/copilot_cli.rs
expression: "format!(\"Monthly\\n{}\\n\\nSession\\n{}\",\nrun_cli(&fixture, [\"copilot\", \"monthly\"]),\nrun_cli(&fixture, [\"copilot\", \"session\"]),)"
---
Monthly
┌──────────┬───────────────┬───────────┬───────────┬───────────────┬─────────────┬───────────────┬─────────────┐
│ Month    │ Models        │     Input │    Output │  Cache Create │  Cache Read │  Total Tokens │  Cost (USD) │
├──────────┼───────────────┼───────────┼───────────┼───────────────┼─────────────┼───────────────┼─────────────┤
│ 2026-01  │ - opus-4.6    │       163 │        94 │            30 │          20 │           307 │       $0.00 │
├──────────┼───────────────┼───────────┼───────────┼───────────────┼─────────────┼───────────────┼─────────────┤
│ 2026-02  │ - gpt-5.4     │        72 │        38 │            15 │          10 │           135 │       $0.00 │
├──────────┼───────────────┼───────────┼───────────┼───────────────┼─────────────┼───────────────┼─────────────┤
│ Total    │               │       235 │       132 │            45 │          30 │           442 │       $0.00 │
└──────────┴───────────────┴───────────┴───────────┴───────────────┴─────────────┴───────────────┴─────────────┘


Session
┌──────────┬───────────────┬───────────┬───────────┬─────────────┬────────────┬────────────┬────────────┬──────────────┐
│ Session  │ Models        │     Input │    Output │       Cache │ Cache Read │      Total │ Cost (USD) │ Last         │
│          │               │           │           │      Create │            │     Tokens │            │ Activity     │
├──────────┼───────────────┼───────────┼───────────┼─────────────┼────────────┼────────────┼────────────┼──────────────┤
│ session… │ - opus-4.6    │       163 │        94 │          30 │         20 │        307 │      $0.00 │ 2026-01-03   │
├──────────┼───────────────┼───────────┼───────────┼─────────────┼────────────┼────────────┼────────────┼──────────────┤
│ session… │ - gpt-5.4     │        65 │        30 │          15 │         10 │        120 │      $0.00 │ 2026-02-01   │
├──────────┼───────────────┼───────────┼───────────┼─────────────┼────────────┼────────────┼────────────┼──────────────┤
│ session… │ - gpt-5.4     │         7 │         8 │           0 │          0 │         15 │      $0.00 │ 2026-02-02   │
├──────────┼───────────────┼───────────┼───────────┼─────────────┼────────────┼────────────┼────────────┼──────────────┤
│ Total    │               │       235 │       132 │          45 │         30 │        442 │      $0.00 │              │
└──────────┴───────────────┴───────────┴───────────┴─────────────┴────────────┴────────────┴────────────┴──────────────┘
