---
source: crates/ccusage/tests/zcode_cli.rs
expression: "format!(\"stdout:\\n{stdout}\\nstderr:\\n{stderr}\")"
---
stdout:

╭────────────────────────────────────────────╮
│                                            │
│          ZCode Token Usage Report          │
│                                            │
╰────────────────────────────────────────────╯

┌──────────┬───────────────┬───────────┬───────────┬───────────────┬─────────────┬───────────────┬─────────────┐
│ Month    │ Models        │     Input │    Output │  Cache Create │  Cache Read │  Total Tokens │  Cost (USD) │
├──────────┼───────────────┼───────────┼───────────┼───────────────┼─────────────┼───────────────┼─────────────┤
│ 2099-01  │ - GLM-5.2     │       190 │        30 │            45 │          65 │           330 │       $0.00 │
│          │ - GLM-5.3     │           │           │               │             │               │             │
├──────────┼───────────────┼───────────┼───────────┼───────────────┼─────────────┼───────────────┼─────────────┤
│ 2099-02  │ - GLM-5.3     │        40 │         5 │             0 │          10 │            55 │       $0.00 │
├──────────┼───────────────┼───────────┼───────────┼───────────────┼─────────────┼───────────────┼─────────────┤
│ Total    │               │       230 │        35 │            45 │          75 │           385 │       $0.00 │
└──────────┴───────────────┴───────────┴───────────┴───────────────┴─────────────┴───────────────┴─────────────┘

stderr:
