---
source: crates/ccusage/tests/zcode_cli.rs
assertion_line: 41
expression: "format!(\"stdout:\\n{stdout}\\nstderr:\\n{stderr}\")"
---
stdout:

╭────────────────────────────────────────────╮
│                                            │
│          ZCode Token Usage Report          │
│                                            │
╰────────────────────────────────────────────╯

┌──────────┬───────────────┬───────────┬───────────┬─────────────┬────────────┬────────────┬────────────┬──────────────┐
│ Session  │ Models        │     Input │    Output │       Cache │ Cache Read │      Total │ Cost (USD) │ Last         │
│          │               │           │           │      Create │            │     Tokens │            │ Activity     │
├──────────┼───────────────┼───────────┼───────────┼─────────────┼────────────┼────────────┼────────────┼──────────────┤
│ session… │ - GLM-5.2     │       190 │        30 │          45 │         65 │        330 │      $0.00 │ 2099-01-15   │
│          │ - GLM-5.3     │           │           │             │            │            │            │              │
├──────────┼───────────────┼───────────┼───────────┼─────────────┼────────────┼────────────┼────────────┼──────────────┤
│ session… │ - GLM-5.3     │        40 │         5 │           0 │         10 │         55 │      $0.00 │ 2099-02-01   │
├──────────┼───────────────┼───────────┼───────────┼─────────────┼────────────┼────────────┼────────────┼──────────────┤
│ Total    │               │       230 │        35 │          45 │         75 │        385 │      $0.00 │              │
└──────────┴───────────────┴───────────┴───────────┴─────────────┴────────────┴────────────┴────────────┴──────────────┘

stderr:
