---
source: crates/ccusage/tests/zcode_cli.rs
expression: "format!(\"stdout:\\n{stdout}\\nstderr:\\n{stderr}\")"
---
stdout:

╭────────────────────────────────────────────╮
│                                            │
│          ZCode Token Usage Report          │
│                                            │
╰────────────────────────────────────────────╯

┌────────────┬───────────────┬───────────┬───────────┬───────────────┬─────────────┬───────────────┬─────────────┐
│ Date       │ Models        │     Input │    Output │  Cache Create │  Cache Read │  Total Tokens │  Cost (USD) │
├────────────┼───────────────┼───────────┼───────────┼───────────────┼─────────────┼───────────────┼─────────────┤
│ 2099-01-02 │ - GLM-5.2     │        60 │        10 │            15 │          25 │           110 │       $0.00 │
├────────────┼───────────────┼───────────┼───────────┼───────────────┼─────────────┼───────────────┼─────────────┤
│ 2099-01-15 │ - GLM-5.3     │       130 │        20 │            30 │          40 │           220 │       $0.00 │
├────────────┼───────────────┼───────────┼───────────┼───────────────┼─────────────┼───────────────┼─────────────┤
│ 2099-02-01 │ - GLM-5.3     │        40 │         5 │             0 │          10 │            55 │       $0.00 │
├────────────┼───────────────┼───────────┼───────────┼───────────────┼─────────────┼───────────────┼─────────────┤
│ Total      │               │       230 │        35 │            45 │          75 │           385 │       $0.00 │
└────────────┴───────────────┴───────────┴───────────┴───────────────┴─────────────┴───────────────┴─────────────┘

stderr:
