---
source: crates/ccusage-terminal/src/table.rs
expression: "table.render_lines().join(\"\\n\")"
---
┌──────────┬────────────┬──────────┬──────────┬──────────┐
│ Date     │ Models     │    Input │   Output │     Cost │
│          │            │          │          │    (USD) │
├──────────┼────────────┼──────────┼──────────┼──────────┤
│ 2026     │ - claude-… │ 123,456… │ 9,876,5… │ $12345.… │
│ 05-18    │ - unusual… │          │          │          │
└──────────┴────────────┴──────────┴──────────┴──────────┘
