---
source: crates/ccusage-terminal/src/table.rs
expression: "rendered.join(\"\\n\")"
---
┌──────────┬──────────┬──────────┬──────────┬──────────┐
│ Date     │ Models   │    Input │   Output │     Cost │
│          │          │          │          │    (USD) │
├──────────┼──────────┼──────────┼──────────┼──────────┤
│ 2026     │ [32m- provi[0m…[0m │    1,234 │    5,678 │    $1.23 │
│ 05-18    │ [32manother…[0m │          │          │          │
└──────────┴──────────┴──────────┴──────────┴──────────┘
